============================= test session starts =============================
platform win32 -- Python 3.14.5, pytest-9.0.3, pluggy-1.6.0 -- C:\Python314\python.exe
cachedir: .pytest_cache
rootdir: C:\Users\Lily Thai\Documents\Codepath Github\project4
plugins: anyio-4.13.0
collecting ... collected 30 items

tests/test_ai_agent.py::test_retrieve_guidelines_prioritizes_dog_topics_for_a_dog PASSED [  3%]
tests/test_ai_agent.py::test_retrieve_guidelines_matches_cat_topics_for_a_cat PASSED [  6%]
tests/test_ai_agent.py::test_retrieve_guidelines_surfaces_medication_doc_when_pet_has_meds PASSED [ 10%]
tests/test_ai_agent.py::test_retrieve_guidelines_returns_empty_for_blank_profile PASSED [ 13%]
tests/test_ai_agent.py::test_validate_draft_accepts_well_formed_draft PASSED [ 16%]
tests/test_ai_agent.py::test_validate_draft_rejects_missing_title PASSED [ 20%]
tests/test_ai_agent.py::test_validate_draft_rejects_out_of_bounds_duration PASSED [ 23%]
tests/test_ai_agent.py::test_validate_draft_defaults_unknown_priority_to_medium PASSED [ 26%]
tests/test_ai_agent.py::test_validate_draft_drops_unparseable_due_time PASSED [ 30%]
tests/test_ai_agent.py::test_resolve_conflicts_nudges_candidate_away_from_existing_task PASSED [ 33%]
tests/test_ai_agent.py::test_resolve_conflicts_leaves_non_conflicting_task_untouched PASSED [ 36%]
tests/test_ai_agent.py::test_plan_care_tasks_offline_fallback_produces_valid_tasks PASSED [ 40%]
tests/test_ai_agent.py::test_plan_care_tasks_avoids_conflicts_with_existing_schedule PASSED [ 43%]
tests/test_pawpal.py::test_mark_complete_marks_task_complete PASSED      [ 46%]
tests/test_pawpal.py::test_add_task_increases_pet_task_count PASSED      [ 50%]
tests/test_pawpal.py::test_sort_by_time_returns_chronological_order PASSED [ 53%]
tests/test_pawpal.py::test_sort_by_time_handles_mixed_formats_and_missing_time PASSED [ 56%]
tests/test_pawpal.py::test_daily_schedule_sorts_by_priority_before_time PASSED [ 60%]
tests/test_pawpal.py::test_mark_complete_on_daily_task_creates_next_day_task PASSED [ 63%]
tests/test_pawpal.py::test_mark_complete_on_weekly_task_advances_by_one_week PASSED [ 66%]
tests/test_pawpal.py::test_mark_complete_on_one_off_task_does_not_recur PASSED [ 70%]
tests/test_pawpal.py::test_get_conflicts_flags_tasks_at_the_same_time PASSED [ 73%]
tests/test_pawpal.py::test_get_conflicts_flags_overlapping_but_not_identical_times PASSED [ 76%]
tests/test_pawpal.py::test_get_conflicts_ignores_back_to_back_tasks PASSED [ 80%]
tests/test_pawpal.py::test_get_conflicts_ignores_completed_tasks PASSED  [ 83%]
tests/test_pawpal.py::test_get_conflicts_flags_overlap_across_midnight PASSED [ 86%]
tests/test_pawpal.py::test_get_conflict_warnings_mentions_pet_name_for_same_pet_conflict PASSED [ 90%]
tests/test_pawpal.py::test_pet_with_no_tasks_produces_empty_schedule PASSED [ 93%]
tests/test_pawpal.py::test_owner_with_no_pets_or_tasks_has_no_availability PASSED [ 96%]
tests/test_pawpal.py::test_explain_plan_before_schedule_created PASSED   [100%]

============================= 30 passed in 0.13s ==============================
